[{"check": "Base", "min": 2, "max": 56, "avg": 6.8},
{"check": "Type", "min": 2, "max": 56, "avg": 6.5},
{"check": "Argument Ordering", "min": 1, "max": 8, "avg": 3.5},
{"check": "Predicate Ordering", "min": 1, "max": 2, "avg": 1.2},
{"check": "Distributivity", "min": 1, "max": 2, "avg": 1.15},
{"check": "Associativity", "min": 1, "max": 1, "avg": 1.0}]
