[{"check": "Base", "min": 2, "max": 49, "avg": 9.43},
{"check": "Type", "min": 1, "max": 24, "avg": 5.19},
{"check": "Argument Ordering", "min": 1, "max": 4, "avg": 2.26},
{"check": "Predicate Ordering", "min": 1, "max": 4, "avg": 2.23},
{"check": "Distributivity", "min": 1, "max": 4, "avg": 2.0},
{"check": "Associativity", "min": 1, "max": 1, "avg": 1.0}]
