[{"check": "Base", "min": 2, "max": 5, "avg": 3.4},
{"check": "Type", "min": 1, "max": 5, "avg": 2.8},
{"check": "Argument Ordering", "min": 1, "max": 5, "avg": 2.2},
{"check": "Predicate Ordering", "min": 1, "max": 5, "avg": 2.2},
{"check": "Distributivity", "min": 1, "max": 2, "avg": 1.6},
{"check": "Associativity", "min": 1, "max": 1, "avg": 1.0}]
